<html>
<body>
<pre>
<h1>µVision Build Log</h1>
<h2>Tool Versions:</h2>
IDE-Version: µVision V5.38.0.0
Copyright (C) 2022 ARM Ltd and ARM Germany GmbH. All rights reserved.
License Information: Luis Manuel Martinez Mendez, Kiran, LIC=----
 
Tool Versions:
Toolchain:       MDK-Lite  Version: 5.38.0.0
Toolchain Path:  C:\Keil_v5\ARM\ARM_Compiler_5.06u7\Bin
C Compiler:      Armcc.exe V5.06 update 7 (build 960)
Assembler:       Armasm.exe V5.06 update 7 (build 960)
Linker/Locator:  ArmLink.exe V5.06 update 7 (build 960)
Library Manager: ArmAr.exe V5.06 update 7 (build 960)
Hex Converter:   FromElf.exe V5.06 update 7 (build 960)
CPU DLL:         SARMCM3.DLL V5.38.0.0
Dialog DLL:      DCM.DLL V1.17.5.0
Target DLL:      STLink\ST-LINKIII-KEIL_SWO.dll V3.1.0.0
Dialog DLL:      TCM.DLL V1.56.4.0
 
<h2>Project:</h2>
D:\STM\2.Realtime Operating Systems (RTOS) Learning Path\4.Build Your Own RealTime OS (RTOS) From Ground Up On ARM 2\18_Priority_Scheduler\myRTOS.uvprojx
Project File Date:  06/12/2024

<h2>Output:</h2>
*** Using Compiler 'V5.06 update 7 (build 960)', folder: 'C:\Keil_v5\ARM\ARM_Compiler_5.06u7\Bin'
Rebuild target 'stm32f4'
Note: source file '.\osKernel.s' - object file renamed from '.\Objects\osKernel.o' to '.\Objects\oskernel_1.o'.
assembling osKernel.s...
compiling osKernel.c...
STM32F4_RTOS_BSP.h(30): warning:  #1295-D: Deprecated declaration BSP_Probe_CH0 - give arg types
  void BSP_Probe_CH0();
STM32F4_RTOS_BSP.h(31): warning:  #1295-D: Deprecated declaration BSP_Probe_CH1 - give arg types
  void BSP_Probe_CH1();
STM32F4_RTOS_BSP.h(32): warning:  #1295-D: Deprecated declaration BSP_Probe_CH2 - give arg types
  void BSP_Probe_CH2();
STM32F4_RTOS_BSP.h(33): warning:  #1295-D: Deprecated declaration BSP_Probe_CH3 - give arg types
  void BSP_Probe_CH3();
STM32F4_RTOS_BSP.h(38): warning:  #1-D: last line of file ends without a newline
  #endif
osKernel.h(31): warning:  #1-D: last line of file ends without a newline
  #endif
osKernel.c(15): warning:  #47-D: incompatible redefinition of macro "NULL"  (declared at line 84 of "C:\Keil_v5\ARM\ARM_Compiler_5.06u7\Bin\..\include\stddef.h")
  #define NULL (void*)0
osKernel.c(435): warning:  #1-D: last line of file ends without a newline
  }
osKernel.c(41): warning:  #177-D: variable "TimeMsec"  was declared but never referenced
  static uint32_t TimeMsec;
osKernel.c(42): warning:  #177-D: variable "MaxPeriod"  was declared but never referenced
  static uint32_t MaxPeriod;
osKernel.c: 10 warnings, 0 errors
compiling main.c...
STM32F4_RTOS_BSP.h(30): warning:  #1295-D: Deprecated declaration BSP_Probe_CH0 - give arg types
  void BSP_Probe_CH0();
STM32F4_RTOS_BSP.h(31): warning:  #1295-D: Deprecated declaration BSP_Probe_CH1 - give arg types
  void BSP_Probe_CH1();
STM32F4_RTOS_BSP.h(32): warning:  #1295-D: Deprecated declaration BSP_Probe_CH2 - give arg types
  void BSP_Probe_CH2();
STM32F4_RTOS_BSP.h(33): warning:  #1295-D: Deprecated declaration BSP_Probe_CH3 - give arg types
  void BSP_Probe_CH3();
STM32F4_RTOS_BSP.h(38): warning:  #1-D: last line of file ends without a newline
  #endif
osKernel.h(31): warning:  #1-D: last line of file ends without a newline
  #endif
main.c: 6 warnings, 0 errors
compiling stm32f4xx_hal_pwr_ex.c...
compiling stm32f4xx_hal_dma.c...
compiling stm32f4xx_hal_cortex.c...
assembling startup_stm32f407xx.s...
compiling stm32f4xx_hal_dma_ex.c...
compiling STM32F4_RTOS_BSP.c...
STM32F4_RTOS_BSP.h(30): warning:  #1295-D: Deprecated declaration BSP_Probe_CH0 - give arg types
  void BSP_Probe_CH0();
STM32F4_RTOS_BSP.h(31): warning:  #1295-D: Deprecated declaration BSP_Probe_CH1 - give arg types
  void BSP_Probe_CH1();
STM32F4_RTOS_BSP.h(32): warning:  #1295-D: Deprecated declaration BSP_Probe_CH2 - give arg types
  void BSP_Probe_CH2();
STM32F4_RTOS_BSP.h(33): warning:  #1295-D: Deprecated declaration BSP_Probe_CH3 - give arg types
  void BSP_Probe_CH3();
STM32F4_RTOS_BSP.h(38): warning:  #1-D: last line of file ends without a newline
  #endif
STM32F4_RTOS_BSP.c: 5 warnings, 0 errors
compiling stm32f4xx_hal_pwr.c...
compiling GLCD_ST7735.c...
GLCD_ST7735.h(384): warning:  #1-D: last line of file ends without a newline
  #endif
GLCD_ST7735.c: 1 warning, 0 errors
compiling stm32f4xx_hal_gpio.c...
compiling stm32f4xx_hal.c...
compiling stm32f4xx_hal_rcc.c...
compiling system_stm32f4xx.c...
compiling stm32f4xx_hal_rcc_ex.c...
compiling stm32f4xx_hal_spi.c...
linking...
Program Size: Code=1184 RO-data=424 RW-data=80 ZI-data=4504  
".\Objects\myRTOS.axf" - 0 Error(s), 22 Warning(s).

<h2>Software Packages used:</h2>

Package Vendor: ARM
                http://www.keil.com/pack/ARM.CMSIS.5.9.0.pack
                ARM.CMSIS.5.9.0
                CMSIS (Common Microcontroller Software Interface Standard)
   * Component: CORE Version: 5.6.0

Package Vendor: Keil
                https://www.keil.com/pack/Keil.STM32F4xx_DFP.2.17.0.pack
                Keil.STM32F4xx_DFP.2.17.0
                STMicroelectronics STM32F4 Series Device Support, Drivers and Examples
   * Component: STM32Cube Framework Version: 1.0.0
   * Component: Classic Version: 1.8.1
   * Component: Common Version: 1.8.1
   * Component: Cortex Version: 1.8.1
   * Component: DMA Version: 1.8.1
   * Component: GPIO Version: 1.8.1
   * Component: PWR Version: 1.8.1
   * Component: RCC Version: 1.8.1
   * Component: SPI Version: 1.8.1
   * Component: Startup Version: 2.6.3

<h2>Collection of Component include folders:</h2>
  ./RTE/Device/STM32F407VGTx
  ./RTE/_stm32f4
  C:/Users/luism/AppData/Local/Arm/Packs/ARM/CMSIS/5.9.0/CMSIS/Core/Include
  C:/Users/luism/AppData/Local/Arm/Packs/Keil/STM32F4xx_DFP/2.17.0/Drivers/CMSIS/Device/ST/STM32F4xx/Include
  C:/Users/luism/AppData/Local/Arm/Packs/Keil/STM32F4xx_DFP/2.17.0/Drivers/STM32F4xx_HAL_Driver/Inc

<h2>Collection of Component Files used:</h2>

   * Component: ::Device:STM32Cube Framework:1.0.0 (API)

   * Component: ARM::CMSIS:CORE:5.6.0

   * Component: Keil::Device:STM32Cube Framework:Classic:1.8.1
      Include file:  MDK/Templates/Inc/stm32f4xx_it.h
      Source file:   MDK/Templates/Src/stm32f4xx_hal_msp.c
      Include file:  MDK/Templates_LL/Inc/main.h
      Source file:   MDK/Templates_LL/Src/main.c
      Include file:  MDK/Templates/Inc/main.h
      Include file:  CMSIS/Driver/Config/RTE_Device.h
      Include file:  MDK/Templates/Inc/stm32f4xx_hal_conf.h
      Source file:   MDK/Templates/Src/stm32f4xx_it.c
      Source file:   MDK/Templates/Src/main.c

   * Component: Keil::Device:STM32Cube HAL:Common:1.8.1
      Include file:  Drivers/STM32F4xx_HAL_Driver/Inc/stm32f4xx_hal.h
      Source file:   Drivers/STM32F4xx_HAL_Driver/Src/stm32f4xx_hal.c

   * Component: Keil::Device:STM32Cube HAL:Cortex:1.8.1
      Source file:   Drivers/STM32F4xx_HAL_Driver/Src/stm32f4xx_hal_cortex.c

   * Component: Keil::Device:STM32Cube HAL:DMA:1.8.1
      Source file:   Drivers/STM32F4xx_HAL_Driver/Src/stm32f4xx_hal_dma.c
      Source file:   Drivers/STM32F4xx_HAL_Driver/Src/stm32f4xx_hal_dma_ex.c

   * Component: Keil::Device:STM32Cube HAL:GPIO:1.8.1
      Source file:   Drivers/STM32F4xx_HAL_Driver/Src/stm32f4xx_hal_gpio.c

   * Component: Keil::Device:STM32Cube HAL:PWR:1.8.1
      Source file:   Drivers/STM32F4xx_HAL_Driver/Src/stm32f4xx_hal_pwr.c
      Source file:   Drivers/STM32F4xx_HAL_Driver/Src/stm32f4xx_hal_pwr_ex.c

   * Component: Keil::Device:STM32Cube HAL:RCC:1.8.1
      Source file:   Drivers/STM32F4xx_HAL_Driver/Src/stm32f4xx_hal_rcc_ex.c
      Source file:   Drivers/STM32F4xx_HAL_Driver/Src/stm32f4xx_hal_rcc.c

   * Component: Keil::Device:STM32Cube HAL:SPI:1.8.1
      Source file:   Drivers/STM32F4xx_HAL_Driver/Src/stm32f4xx_hal_spi.c

   * Component: Keil::Device:Startup:2.6.3
      Source file:   MDK/Device/Source/ARM/STM32F40xxx_41xxx_OPT.s
      Source file:   MDK/Device/Source/ARM/STM32F4xx_OTP.s
      Include file:  Drivers/CMSIS/Device/ST/STM32F4xx/Include/stm32f4xx.h
      Source file:   Drivers/CMSIS/Device/ST/STM32F4xx/Source/Templates/arm/startup_stm32f407xx.s
      Source file:   Drivers/CMSIS/Device/ST/STM32F4xx/Source/Templates/system_stm32f4xx.c
Build Time Elapsed:  00:00:13
</pre>
</body>
</html>
