<html>
<body>
<pre>
<h1>µVision Build Log</h1>
<h2>Tool Versions:</h2>
IDE-Version: µVision V5.38.0.0
Copyright (C) 2022 ARM Ltd and ARM Germany GmbH. All rights reserved.
License Information: Luis Manuel Martinez Mendez, Kiran, LIC=----
 
Tool Versions:
Toolchain:       MDK-Lite  Version: 5.38.0.0
Toolchain Path:  C:\Keil_v5\ARM\ARMCLANG\Bin
C Compiler:      ArmClang.exe V6.19
Assembler:       Armasm.exe V6.19
Linker/Locator:  ArmLink.exe V6.19
Library Manager: ArmAr.exe V6.19
Hex Converter:   FromElf.exe V6.19
CPU DLL:         SARMCM3.DLL V5.38.0.0
Dialog DLL:      DCM.DLL V1.17.5.0
Target DLL:      STLink\ST-LINKIII-KEIL_SWO.dll V3.1.0.0
Dialog DLL:      TCM.DLL V1.56.4.0
 
<h2>Project:</h2>
D:\STM\2.Realtime Operating Systems (RTOS) Learning Path\4.Build Your Own RealTime OS (RTOS) From Ground Up On ARM 2\9_BSP(Board Support Packe)\BSP.uvprojx
Project File Date:  06/07/2024

<h2>Output:</h2>
*** Using Compiler 'V6.19', folder: 'C:\Keil_v5\ARM\ARMCLANG\Bin'
Build target 'Target 1'
main.c(1): warning: In file included from...
./STM32F4_RTOS_BSP.h(5): warning: // comments are not allowed in this language [-Wcomment]
#include "stm32f4xx.h"                  // Device header
                                        ^
./STM32F4_RTOS_BSP.h(38): warning: no newline at end of file [-Wnewline-eof]
#endif
      ^
main.c(15): warning: // comments are not allowed in this language [-Wcomment]
//        buttonState = BSP_Button_Read();
^
main.c(39): warning: no newline at end of file [-Wnewline-eof]
}
 ^
main.c(12): warning: mixing declarations and code is a C99 extension [-Wdeclaration-after-statement]
        int i;
            ^
main.c(12): warning: unused variable 'i' [-Wunused-variable]
main.c(3): warning: no previous extern declaration for non-static variable 'buttonState' [-Wmissing-variable-declarations]
uint32_t buttonState;
         ^
main.c(3): note: declare 'static' if the variable is not intended to be used outside of this translation unit
uint32_t buttonState;
^
main.c(4): warning: no previous extern declaration for non-static variable 'sensorValue' [-Wmissing-variable-declarations]
uint32_t sensorValue;
         ^
main.c(4): note: declare 'static' if the variable is not intended to be used outside of this translation unit
uint32_t sensorValue;
^
8 warnings generated.
compiling main.c...
linking...
Program Size: Code=856 RO-data=408 RW-data=0 ZI-data=1632  
".\Objects\BSP.axf" - 0 Error(s), 8 Warning(s).

<h2>Software Packages used:</h2>

Package Vendor: ARM
                http://www.keil.com/pack/ARM.CMSIS.5.9.0.pack
                ARM.CMSIS.5.9.0
                CMSIS (Common Microcontroller Software Interface Standard)
   * Component: CORE Version: 5.6.0

Package Vendor: Keil
                https://www.keil.com/pack/Keil.STM32F4xx_DFP.2.17.0.pack
                Keil.STM32F4xx_DFP.2.17.0
                STMicroelectronics STM32F4 Series Device Support, Drivers and Examples
   * Component: Startup Version: 2.6.3

<h2>Collection of Component include folders:</h2>
  ./RTE/_Target_1
  C:/Users/luism/AppData/Local/Arm/Packs/ARM/CMSIS/5.9.0/CMSIS/Core/Include
  C:/Users/luism/AppData/Local/Arm/Packs/Keil/STM32F4xx_DFP/2.17.0/Drivers/CMSIS/Device/ST/STM32F4xx/Include

<h2>Collection of Component Files used:</h2>

   * Component: ARM::CMSIS:CORE:5.6.0

   * Component: Keil::Device:Startup:2.6.3
      Source file:   Drivers/CMSIS/Device/ST/STM32F4xx/Source/Templates/arm/startup_stm32f407xx.s
      Source file:   MDK/Device/Source/ARM/STM32F40xxx_41xxx_OPT.s
      Include file:  Drivers/CMSIS/Device/ST/STM32F4xx/Include/stm32f4xx.h
      Source file:   MDK/Device/Source/ARM/STM32F4xx_OTP.s
      Source file:   Drivers/CMSIS/Device/ST/STM32F4xx/Source/Templates/system_stm32f4xx.c
Build Time Elapsed:  00:00:01
</pre>
</body>
</html>
