<html>
<body>
<pre>
<h1>µVision Build Log</h1>
<h2>Tool Versions:</h2>
IDE-Version: µVision V5.38.0.0
Copyright (C) 2022 ARM Ltd and ARM Germany GmbH. All rights reserved.
License Information: Luis Manuel Martinez Mendez, Kiran, LIC=----
 
Tool Versions:
Toolchain:       MDK-Lite  Version: 5.38.0.0
Toolchain Path:  C:\Keil_v5\ARM\ARMCLANG\Bin
C Compiler:      ArmClang.exe V6.19
Assembler:       Armasm.exe V6.19
Linker/Locator:  ArmLink.exe V6.19
Library Manager: ArmAr.exe V6.19
Hex Converter:   FromElf.exe V6.19
CPU DLL:         SARMCM3.DLL V5.38.0.0
Dialog DLL:      DCM.DLL V1.17.5.0
Target DLL:      STLink\ST-LINKIII-KEIL_SWO.dll V3.1.0.0
Dialog DLL:      TCM.DLL V1.56.4.0
 
<h2>Project:</h2>
D:\STM\2.Realtime Operating Systems (RTOS) Learning Path\4.Build Your Own RealTime OS (RTOS) From Ground Up On ARM 2\20_State_Machine\StateMachine.uvprojx
Project File Date:  06/17/2024

<h2>Output:</h2>
*** Using Compiler 'V6.19', folder: 'C:\Keil_v5\ARM\ARMCLANG\Bin'
Rebuild target 'STM32F407'
compiling system_stm32f4xx.c...
assembling startup_stm32f407xx.s...
main.c(1): warning: In file included from...
./uart.h(4): warning: // comments are not allowed in this language [-Wcomment]
#include "stm32f4xx.h"                  // Device header
                                        ^
./uart.h(11): warning: no newline at end of file [-Wnewline-eof]
#endif
      ^
main.c(24): warning: a function declaration without a prototype is deprecated in all versions of C [-Wstrict-prototypes]
int main()
        ^
         void
main.c(67): warning: no newline at end of file [-Wnewline-eof]
}
 ^
4 warnings generated.
compiling main.c...
uart.c(1): warning: In file included from...
./uart.h(4): warning: // comments are not allowed in this language [-Wcomment]
#include "stm32f4xx.h"                  // Device header
                                        ^
./uart.h(11): warning: no newline at end of file [-Wnewline-eof]
#endif
      ^
uart.c(7): warning: // comments are not allowed in this language [-Wcomment]
//1 Enable clock access to portA
^
uart.c(12): warning: implicit conversion changes signedness: 'int' to 'unsigned int' [-Wsign-conversion]
        GPIOA->MODER &= ~0x00F0;
                     ~~ ^~~~~~~
uart.c(15): warning: implicit conversion changes signedness: 'int' to 'unsigned int' [-Wsign-conversion]
        GPIOA->AFR[0] &= ~0xFF00;
                      ~~ ^~~~~~~
uart.c(28): warning: no previous prototype for function 'USART2_Write' [-Wmissing-prototypes]
int USART2_Write(int ch)
    ^
uart.c(28): note: declare 'static' if the function is not intended to be used outside of this translation unit
int USART2_Write(int ch)
^
static 
uart.c(38): warning: implicit conversion changes signedness: 'volatile uint32_t' (aka 'volatile unsigned int') to 'int' [-Wsign-conversion]
        return USART2->DR;
        ~~~~~~ ~~~~~~~~^~
uart.c(35): warning: no previous prototype for function 'USART2_Read' [-Wmissing-prototypes]
int USART2_Read(void)
    ^
uart.c(35): note: declare 'static' if the function is not intended to be used outside of this translation unit
int USART2_Read(void)
^
static 
uart.c(49): warning: unused parameter 'f' [-Wunused-parameter]
        int fgetc(FILE *f)
                        ^
uart.c(62): warning: unused parameter 'stream' [-Wunused-parameter]
        int fputc(int c, FILE *stream)
                               ^
uart.c(67): warning: unused parameter 'stream' [-Wunused-parameter]
        int ferror (FILE *stream)
                          ^
uart.c(72): warning: unused parameter 'stream' [-Wunused-parameter]
        long int ftell(FILE *stream)
                             ^
uart.c(76): warning: unused parameter 'f' [-Wunused-parameter]
        int fclose(FILE *f)
                         ^
uart.c(80): warning: unused parameter 'f' [-Wunused-parameter]
        int fseek(FILE *f, long nPos, int nMode)
                        ^
uart.c(80): warning: unused parameter 'nPos' [-Wunused-parameter]
        int fseek(FILE *f, long nPos, int nMode)
                                ^
uart.c(80): warning: unused parameter 'nMode' [-Wunused-parameter]
        int fseek(FILE *f, long nPos, int nMode)
                                          ^
uart.c(84): warning: unused parameter 'f' [-Wunused-parameter]
        int fflush(FILE *f)
                         ^
uart.c(104): warning: no newline at end of file [-Wnewline-eof]
}
 ^
uart.c(91): warning: no previous extern declaration for non-static variable 'n' [-Wmissing-variable-declarations]
int n;
    ^
uart.c(91): note: declare 'static' if the variable is not intended to be used outside of this translation unit
int n;
^
19 warnings generated.
compiling uart.c...
linking...
Program Size: Code=7316 RO-data=1084 RW-data=12 ZI-data=1728  
".\Objects\StateMachine.axf" - 0 Error(s), 23 Warning(s).

<h2>Software Packages used:</h2>

Package Vendor: ARM
                http://www.keil.com/pack/ARM.CMSIS.5.9.0.pack
                ARM.CMSIS.5.9.0
                CMSIS (Common Microcontroller Software Interface Standard)
   * Component: CORE Version: 5.6.0

Package Vendor: Keil
                https://www.keil.com/pack/Keil.STM32F4xx_DFP.2.17.0.pack
                Keil.STM32F4xx_DFP.2.17.0
                STMicroelectronics STM32F4 Series Device Support, Drivers and Examples
   * Component: Startup Version: 2.6.3

<h2>Collection of Component include folders:</h2>
  ./RTE/_STM32F407
  C:/Users/luism/AppData/Local/Arm/Packs/ARM/CMSIS/5.9.0/CMSIS/Core/Include
  C:/Users/luism/AppData/Local/Arm/Packs/Keil/STM32F4xx_DFP/2.17.0/Drivers/CMSIS/Device/ST/STM32F4xx/Include

<h2>Collection of Component Files used:</h2>

   * Component: ARM::CMSIS:CORE:5.6.0

   * Component: Keil::Device:Startup:2.6.3
      Source file:   MDK/Device/Source/ARM/STM32F40xxx_41xxx_OPT.s
      Source file:   Drivers/CMSIS/Device/ST/STM32F4xx/Source/Templates/arm/startup_stm32f407xx.s
      Source file:   MDK/Device/Source/ARM/STM32F4xx_OTP.s
      Include file:  Drivers/CMSIS/Device/ST/STM32F4xx/Include/stm32f4xx.h
      Source file:   Drivers/CMSIS/Device/ST/STM32F4xx/Source/Templates/system_stm32f4xx.c
Build Time Elapsed:  00:00:02
</pre>
</body>
</html>
