<html>
<body>
<pre>
<h1>µVision Build Log</h1>
<h2>Tool Versions:</h2>
IDE-Version: µVision V5.38.0.0
Copyright (C) 2022 ARM Ltd and ARM Germany GmbH. All rights reserved.
License Information: Luis Manuel Martinez Mendez, Kiran, LIC=----
 
Tool Versions:
Toolchain:       MDK-Lite  Version: 5.38.0.0
Toolchain Path:  C:\Keil_v5\ARM\ARM_Compiler_5.06u7\Bin
C Compiler:      Armcc.exe V5.06 update 7 (build 960)
Assembler:       Armasm.exe V5.06 update 7 (build 960)
Linker/Locator:  ArmLink.exe V5.06 update 7 (build 960)
Library Manager: ArmAr.exe V5.06 update 7 (build 960)
Hex Converter:   FromElf.exe V5.06 update 7 (build 960)
CPU DLL:         SARMCM3.DLL V5.38.0.0
Dialog DLL:      DCM.DLL V1.17.5.0
Target DLL:      STLink\ST-LINKIII-KEIL_SWO.dll V3.1.0.0
Dialog DLL:      TCM.DLL V1.56.4.0
 
<h2>Project:</h2>
D:\STM\2.Realtime Operating Systems (RTOS) Learning Path\4.Build Your Own RealTime OS (RTOS) From Ground Up On ARM 2\6_Periodic_Scheduler_v2_Hardware_Interrupts\myRTOS.uvprojx
Project File Date:  06/01/2024

<h2>Output:</h2>
*** Using Compiler 'V5.06 update 7 (build 960)', folder: 'C:\Keil_v5\ARM\ARM_Compiler_5.06u7\Bin'
Rebuild target 'stm32f4'
Note: source file '.\osKernel.s' - object file renamed from '.\Objects\osKernel.o' to '.\Objects\oskernel_1.o'.
assembling startup_stm32f407xx.s...
assembling osKernel.s...
compiling main.c...
osKernel.h(14): warning:  #1-D: last line of file ends without a newline
  #endif
STM32F4_RTOS_BSP.h(30): warning:  #1295-D: Deprecated declaration BSP_Probe_CH0 - give arg types
  void BSP_Probe_CH0();
STM32F4_RTOS_BSP.h(31): warning:  #1295-D: Deprecated declaration BSP_Probe_CH1 - give arg types
  void BSP_Probe_CH1();
STM32F4_RTOS_BSP.h(32): warning:  #1295-D: Deprecated declaration BSP_Probe_CH2 - give arg types
  void BSP_Probe_CH2();
STM32F4_RTOS_BSP.h(33): warning:  #1295-D: Deprecated declaration BSP_Probe_CH3 - give arg types
  void BSP_Probe_CH3();
STM32F4_RTOS_BSP.h(36): warning:  #1-D: last line of file ends without a newline
  #endif
main.c(61): warning:  #1-D: last line of file ends without a newline
  }
main.c: 7 warnings, 0 errors
compiling system_stm32f4xx.c...
compiling osKernel.c...
osKernel.h(14): warning:  #1-D: last line of file ends without a newline
  #endif
osKernel.c(131): warning:  #1-D: last line of file ends without a newline
  }
osKernel.c: 2 warnings, 0 errors
compiling STM32F4_RTOS_BSP.c...
STM32F4_RTOS_BSP.h(30): warning:  #1295-D: Deprecated declaration BSP_Probe_CH0 - give arg types
  void BSP_Probe_CH0();
STM32F4_RTOS_BSP.h(31): warning:  #1295-D: Deprecated declaration BSP_Probe_CH1 - give arg types
  void BSP_Probe_CH1();
STM32F4_RTOS_BSP.h(32): warning:  #1295-D: Deprecated declaration BSP_Probe_CH2 - give arg types
  void BSP_Probe_CH2();
STM32F4_RTOS_BSP.h(33): warning:  #1295-D: Deprecated declaration BSP_Probe_CH3 - give arg types
  void BSP_Probe_CH3();
STM32F4_RTOS_BSP.h(36): warning:  #1-D: last line of file ends without a newline
  #endif
STM32F4_RTOS_BSP.c: 5 warnings, 0 errors
linking...
Program Size: Code=856 RO-data=424 RW-data=36 ZI-data=2252  
".\Objects\myRTOS.axf" - 0 Error(s), 14 Warning(s).

<h2>Software Packages used:</h2>

Package Vendor: ARM
                http://www.keil.com/pack/ARM.CMSIS.5.9.0.pack
                ARM.CMSIS.5.9.0
                CMSIS (Common Microcontroller Software Interface Standard)
   * Component: CORE Version: 5.6.0

Package Vendor: Keil
                https://www.keil.com/pack/Keil.STM32F4xx_DFP.2.17.0.pack
                Keil.STM32F4xx_DFP.2.17.0
                STMicroelectronics STM32F4 Series Device Support, Drivers and Examples
   * Component: Startup Version: 2.6.3

<h2>Collection of Component include folders:</h2>
  ./RTE/_stm32f4
  C:/Users/luism/AppData/Local/Arm/Packs/ARM/CMSIS/5.9.0/CMSIS/Core/Include
  C:/Users/luism/AppData/Local/Arm/Packs/Keil/STM32F4xx_DFP/2.17.0/Drivers/CMSIS/Device/ST/STM32F4xx/Include

<h2>Collection of Component Files used:</h2>

   * Component: ARM::CMSIS:CORE:5.6.0

   * Component: Keil::Device:Startup:2.6.3
      Include file:  Drivers/CMSIS/Device/ST/STM32F4xx/Include/stm32f4xx.h
      Source file:   MDK/Device/Source/ARM/STM32F40xxx_41xxx_OPT.s
      Source file:   Drivers/CMSIS/Device/ST/STM32F4xx/Source/Templates/arm/startup_stm32f407xx.s
      Source file:   MDK/Device/Source/ARM/STM32F4xx_OTP.s
      Source file:   Drivers/CMSIS/Device/ST/STM32F4xx/Source/Templates/system_stm32f4xx.c
Build Time Elapsed:  00:00:02
</pre>
</body>
</html>
